<?xml version='1.0' encoding='utf-8'?>
<testsuite name="regression_suite" tests="3" failures="0" errors="0">
  <testcase classname="regression" name="test_const_coeff" />
  <testcase classname="regression" name="test_rand_coeff" />
  <testcase classname="regression" name="test_rand_coeff_backpress" />
</testsuite>